Archive member included to satisfy reference by file (symbol)

/home/opt/Toolchains/gcc-arm-none-eabi-6-2017-q1-update/bin/../lib/gcc/arm-none-eabi/6.3.1/../../../../arm-none-eabi/lib/thumb/v7e-m/libg_nano.a(lib_a-errno.o)
                              ./system/src/newlib/_sbrk.o (symbol from plugin) (__errno)
/home/opt/Toolchains/gcc-arm-none-eabi-6-2017-q1-update/bin/../lib/gcc/arm-none-eabi/6.3.1/../../../../arm-none-eabi/lib/thumb/v7e-m/libg_nano.a(lib_a-impure.o)
                              /home/opt/Toolchains/gcc-arm-none-eabi-6-2017-q1-update/bin/../lib/gcc/arm-none-eabi/6.3.1/../../../../arm-none-eabi/lib/thumb/v7e-m/libg_nano.a(lib_a-errno.o) (_impure_ptr)
/home/opt/Toolchains/gcc-arm-none-eabi-6-2017-q1-update/bin/../lib/gcc/arm-none-eabi/6.3.1/../../../../arm-none-eabi/lib/thumb/v7e-m/libg_nano.a(lib_a-isdigit.o)
                              ./src/Menu.o (symbol from plugin) (isdigit)
/home/opt/Toolchains/gcc-arm-none-eabi-6-2017-q1-update/bin/../lib/gcc/arm-none-eabi/6.3.1/../../../../arm-none-eabi/lib/thumb/v7e-m/libg_nano.a(lib_a-locale.o)
                              /home/opt/Toolchains/gcc-arm-none-eabi-6-2017-q1-update/bin/../lib/gcc/arm-none-eabi/6.3.1/../../../../arm-none-eabi/lib/thumb/v7e-m/libg_nano.a(lib_a-isdigit.o) (__locale_ctype_ptr)
/home/opt/Toolchains/gcc-arm-none-eabi-6-2017-q1-update/bin/../lib/gcc/arm-none-eabi/6.3.1/../../../../arm-none-eabi/lib/thumb/v7e-m/libg_nano.a(lib_a-mbtowc_r.o)
                              /home/opt/Toolchains/gcc-arm-none-eabi-6-2017-q1-update/bin/../lib/gcc/arm-none-eabi/6.3.1/../../../../arm-none-eabi/lib/thumb/v7e-m/libg_nano.a(lib_a-locale.o) (__ascii_mbtowc)
/home/opt/Toolchains/gcc-arm-none-eabi-6-2017-q1-update/bin/../lib/gcc/arm-none-eabi/6.3.1/../../../../arm-none-eabi/lib/thumb/v7e-m/libg_nano.a(lib_a-strcmp.o)
                              /home/opt/Toolchains/gcc-arm-none-eabi-6-2017-q1-update/bin/../lib/gcc/arm-none-eabi/6.3.1/../../../../arm-none-eabi/lib/thumb/v7e-m/libg_nano.a(lib_a-locale.o) (strcmp)
/home/opt/Toolchains/gcc-arm-none-eabi-6-2017-q1-update/bin/../lib/gcc/arm-none-eabi/6.3.1/../../../../arm-none-eabi/lib/thumb/v7e-m/libg_nano.a(lib_a-wctomb_r.o)
                              /home/opt/Toolchains/gcc-arm-none-eabi-6-2017-q1-update/bin/../lib/gcc/arm-none-eabi/6.3.1/../../../../arm-none-eabi/lib/thumb/v7e-m/libg_nano.a(lib_a-locale.o) (__ascii_wctomb)
/home/opt/Toolchains/gcc-arm-none-eabi-6-2017-q1-update/bin/../lib/gcc/arm-none-eabi/6.3.1/../../../../arm-none-eabi/lib/thumb/v7e-m/libg_nano.a(lib_a-ctype_.o)
                              /home/opt/Toolchains/gcc-arm-none-eabi-6-2017-q1-update/bin/../lib/gcc/arm-none-eabi/6.3.1/../../../../arm-none-eabi/lib/thumb/v7e-m/libg_nano.a(lib_a-locale.o) (_ctype_)
/home/opt/Toolchains/gcc-arm-none-eabi-6-2017-q1-update/bin/../lib/gcc/arm-none-eabi/6.3.1/../../../../arm-none-eabi/lib/thumb/v7e-m/libg_nano.a(lib_a-memset.o)
                              /tmp/cc0FXofc.ltrans1.ltrans.o (memset)

Allocating common symbols
Common symbol       size              file

errno               0x4               ./system/src/newlib/_syscalls.o (symbol from plugin)

Discarded input sections

 .text          0x0000000000000000        0x0 ./system/src/newlib/_cxx.o (symbol from plugin)
 .text          0x0000000000000000        0x0 /tmp/cc0FXofc.ltrans0.ltrans.o
 .data          0x0000000000000000        0x0 /tmp/cc0FXofc.ltrans0.ltrans.o
 .bss           0x0000000000000000        0x0 /tmp/cc0FXofc.ltrans0.ltrans.o
 .rodata._ZZN9__gnu_cxx27__verbose_terminate_handlerEvE8__func__.lto_priv.22
                0x0000000000000000       0x1c /tmp/cc0FXofc.ltrans0.ltrans.o
 .rodata._ZZ18__cxa_pure_virtualE8__func__.lto_priv.21
                0x0000000000000000       0x13 /tmp/cc0FXofc.ltrans0.ltrans.o
 .bss.current_heap_end.3947.lto_priv.20
                0x0000000000000000        0x4 /tmp/cc0FXofc.ltrans0.ltrans.o
 .bss.errno     0x0000000000000000        0x4 /tmp/cc0FXofc.ltrans0.ltrans.o
 .bss.__dso_handle
                0x0000000000000000        0x4 /tmp/cc0FXofc.ltrans0.ltrans.o
 .rodata._ZL12nvicPriority
                0x0000000000000000        0x4 /tmp/cc0FXofc.ltrans0.ltrans.o
 .rodata._ZL15I2C_BLOCK_START
                0x0000000000000000        0x1 /tmp/cc0FXofc.ltrans0.ltrans.o
 .data._ZN9Parameter10nrOfParamsE
                0x0000000000000000        0x2 /tmp/cc0FXofc.ltrans0.ltrans.o
 .rodata._ZL10ADC_INPUTS
                0x0000000000000000        0x1 /tmp/cc0FXofc.ltrans0.ltrans.o
 .text.FLASH_OB_Lock
                0x0000000000000000       0x1c /tmp/cc0FXofc.ltrans0.ltrans.o
 .text.FLASH_OB_WRPConfig
                0x0000000000000000       0x90 /tmp/cc0FXofc.ltrans0.ltrans.o
 .text.FLASH_OB_RDPConfig
                0x0000000000000000       0x44 /tmp/cc0FXofc.ltrans0.ltrans.o
 .text.FLASH_OB_UserConfig
                0x0000000000000000       0xa0 /tmp/cc0FXofc.ltrans0.ltrans.o
 .text.FLASH_OB_BORConfig
[...]
Memory Configuration

Name             Origin             Length             Attributes
RAM              0x0000000020000000 0x0000000000020000 xrw
CCMRAM           0x0000000010000000 0x0000000000010000 xrw
FLASH            0x0000000008000000 0x0000000000080000 xr
FLASHB1          0x0000000000000000 0x0000000000000000 xr
EXTMEMB0         0x0000000000000000 0x0000000000000000 xr
EXTMEMB1         0x0000000000000000 0x0000000000000000 xr
EXTMEMB2         0x0000000000000000 0x0000000000000000 xr
EXTMEMB3         0x0000000000000000 0x0000000000000000 xr
MEMORY_ARRAY     0x0000000020002000 0x0000000000000020 xrw
*default*        0x0000000000000000 0xffffffffffffffff

Linker script and memory map

LOAD ./system/src/newlib/_cxx.o
LOAD /tmp/cc0FXofc.ltrans0.ltrans.o
LOAD /tmp/cc0FXofc.ltrans1.ltrans.o
LOAD /tmp/cc0FXofc.ltrans2.ltrans.o
LOAD /tmp/cc0FXofc.ltrans3.ltrans.o
LOAD /tmp/cc0FXofc.ltrans4.ltrans.o
LOAD ./system/src/newlib/_exit.o
LOAD ./system/src/newlib/_sbrk.o
LOAD ./system/src/newlib/_startup.o
LOAD ./system/src/newlib/_syscalls.o
LOAD ./system/src/newlib/assert.o
LOAD ./system/src/diag/Trace.o
LOAD ./system/src/diag/trace_impl.o
LOAD ./system/src/cortexm/_initialize_hardware.o
LOAD ./system/src/cortexm/_reset_hardware.o
LOAD ./system/src/cortexm/exception_handlers.o
LOAD ./system/src/cmsis/vectors_stm32f411xe.o
LOAD ./src/EditValue.o
LOAD ./src/HMI.o
LOAD ./src/Hardware.o
LOAD ./src/Menu.o
LOAD ./src/Parameter.o
LOAD ./src/Pomiar.o
LOAD ./src/Praca.o
LOAD ./src/QuickTask.o
LOAD ./src/TextLcd.o
LOAD ./src/_write.o
LOAD ./src/eeprom.o
LOAD ./src/main.o
LOAD ./src/st7032i.o
LOAD ./src/stm32f4xx_flash.o
LOAD ./src/system_stm32f4xx.o
LOAD ./lbutils/Fifo.o
LOAD ./lbutils/myUtils.o
LOAD /home/opt/Toolchains/gcc-arm-none-eabi-6-2017-q1-update/bin/../lib/gcc/arm-none-eabi/6.3.1/../../../../arm-none-eabi/lib/thumb/v7e-m/libstdc++_nano.a
LOAD /home/opt/Toolchains/gcc-arm-none-eabi-6-2017-q1-update/bin/../lib/gcc/arm-none-eabi/6.3.1/../../../../arm-none-eabi/lib/thumb/v7e-m/libm.a
START GROUP
LOAD /home/opt/Toolchains/gcc-arm-none-eabi-6-2017-q1-update/bin/../lib/gcc/arm-none-eabi/6.3.1/thumb/v7e-m/libgcc.a
LOAD /home/opt/Toolchains/gcc-arm-none-eabi-6-2017-q1-update/bin/../lib/gcc/arm-none-eabi/6.3.1/../../../../arm-none-eabi/lib/thumb/v7e-m/libg_nano.a
LOAD /home/opt/Toolchains/gcc-arm-none-eabi-6-2017-q1-update/bin/../lib/gcc/arm-none-eabi/6.3.1/../../../../arm-none-eabi/lib/thumb/v7e-m/libc_nano.a
END GROUP
START GROUP
LOAD /home/opt/Toolchains/gcc-arm-none-eabi-6-2017-q1-update/bin/../lib/gcc/arm-none-eabi/6.3.1/thumb/v7e-m/libgcc.a
LOAD /home/opt/Toolchains/gcc-arm-none-eabi-6-2017-q1-update/bin/../lib/gcc/arm-none-eabi/6.3.1/../../../../arm-none-eabi/lib/thumb/v7e-m/libc_nano.a
END GROUP
                0x0000000020020000                __stack = (ORIGIN (RAM) + LENGTH (RAM))
                0x0000000020020000                _estack = __stack
                0x0000000000000400                __Main_Stack_Size = 0x400
                [!provide]                        PROVIDE (_Main_Stack_Size, __Main_Stack_Size)
                0x000000002001fc00                __Main_Stack_Limit = (__stack - __Main_Stack_Size)
                [!provide]                        PROVIDE (_Main_Stack_Limit, __Main_Stack_Limit)
                0x0000000000000100                _Minimum_Stack_Size = 0x100
                0x0000000020000514                PROVIDE (_Heap_Begin, _end_noinit)
                0x000000002001fc00                PROVIDE (_Heap_Limit, (__stack - __Main_Stack_Size))

.isr_vector     0x0000000008000000      0x408
 FILL mask 0xff
                0x0000000008000000                __vectors_start = ABSOLUTE (.)
                0x0000000008000000                __vectors_start__ = ABSOLUTE (.)
 *(.isr_vector)
 .isr_vector    0x0000000008000000      0x198 /tmp/cc0FXofc.ltrans0.ltrans.o
                0x0000000008000000                __isr_vectors
 *(.cfmconfig)
 *(.after_vectors .after_vectors.*)
 .after_vectors
                0x0000000008000198      0x270 /tmp/cc0FXofc.ltrans4.ltrans.o
                0x0000000008000198                _start
                0x000000000800035c                Reset_Handler
                0x0000000008000364                NMI_Handler
                0x000000000800036c                HardFault_Handler
                0x0000000008000380                HardFault_Handler_C
                0x000000000800038e                MemManage_Handler
                0x0000000008000396                BusFault_Handler
                0x00000000080003aa                BusFault_Handler_C
                0x00000000080003b8                UsageFault_Handler
                0x00000000080003cc                UsageFault_Handler_C
                0x00000000080003da                SVC_Handler
                0x00000000080003e2                DebugMon_Handler
                0x00000000080003ea                PendSV_Handler
                0x00000000080003f2                RTC_Alarm_IRQHandler
                0x00000000080003f2                EXTI2_IRQHandler
                0x00000000080003f2                SPI4_IRQHandler
                0x00000000080003f2                TIM1_CC_IRQHandler
                0x00000000080003f2                DMA2_Stream5_IRQHandler
                0x00000000080003f2                DMA1_Stream5_IRQHandler
                0x00000000080003f2                PVD_IRQHandler
                0x00000000080003f2                SDIO_IRQHandler
                0x00000000080003f2                TAMP_STAMP_IRQHandler
                0x00000000080003f2                EXTI3_IRQHandler
                0x00000000080003f2                TIM1_UP_TIM10_IRQHandler
                0x00000000080003f2                I2C3_ER_IRQHandler
                0x00000000080003f2                EXTI0_IRQHandler
                0x00000000080003f2                I2C2_EV_IRQHandler
                0x00000000080003f2                DMA1_Stream2_IRQHandler
                0x00000000080003f2                FPU_IRQHandler
                0x00000000080003f2                DMA2_Stream2_IRQHandler
                0x00000000080003f2                SPI1_IRQHandler
                0x00000000080003f2                TIM1_BRK_TIM9_IRQHandler
                0x00000000080003f2                DMA2_Stream3_IRQHandler
                0x00000000080003f2                USART6_IRQHandler
                0x00000000080003f2                DMA2_Stream0_IRQHandler
                0x00000000080003f2                TIM4_IRQHandler
                0x00000000080003f2                DMA1_Stream6_IRQHandler
                0x00000000080003f2                DMA1_Stream1_IRQHandler
                0x00000000080003f2                TIM3_IRQHandler
                0x00000000080003f2                RCC_IRQHandler
                0x00000000080003f2                Default_Handler
                0x00000000080003f2                EXTI15_10_IRQHandler
                0x00000000080003f2                DMA1_Stream7_IRQHandler
                0x00000000080003f2                SPI5_IRQHandler
                0x00000000080003f2                TIM5_IRQHandler
                0x00000000080003f2                DMA2_Stream7_IRQHandler
                0x00000000080003f2                I2C3_EV_IRQHandler
                0x00000000080003f2                EXTI9_5_IRQHandler
                0x00000000080003f2                RTC_WKUP_IRQHandler
                0x00000000080003f2                SPI2_IRQHandler
                0x00000000080003f2                EXTI4_IRQHandler
                0x00000000080003f2                WWDG_IRQHandler
                0x00000000080003f2                TIM2_IRQHandler
                0x00000000080003f2                OTG_FS_WKUP_IRQHandler
                0x00000000080003f2                TIM1_TRG_COM_TIM11_IRQHandler
                0x00000000080003f2                EXTI1_IRQHandler
                0x00000000080003f2                USART2_IRQHandler
                0x00000000080003f2                I2C2_ER_IRQHandler
                0x00000000080003f2                DMA2_Stream1_IRQHandler
                0x00000000080003f2                FLASH_IRQHandler
                0x00000000080003f2                DMA2_Stream4_IRQHandler
                0x00000000080003f2                USART1_IRQHandler
                0x00000000080003f2                OTG_FS_IRQHandler
                0x00000000080003f2                SPI3_IRQHandler
                0x00000000080003f2                DMA1_Stream4_IRQHandler
                0x00000000080003f2                DMA2_Stream6_IRQHandler
                0x00000000080003f2                DMA1_Stream3_IRQHandler

.inits          0x0000000008000408       0x38
                0x0000000008000408                __data_regions_array_start = .
                0x0000000008000408        0x4 LONG 0x8004eb4 LOADADDR (.data)
                0x000000000800040c        0x4 LONG 0x20000000 ADDR (.data)
                0x0000000008000410        0x4 LONG 0x200001fc (ADDR (.data) + SIZEOF (.data))
                0x0000000008000414        0x4 LONG 0x8004eb4 LOADADDR (.data_CCMRAM)
                0x0000000008000418        0x4 LONG 0x10000000 ADDR (.data_CCMRAM)
                0x000000000800041c        0x4 LONG 0x10000000 (ADDR (.data_CCMRAM) + SIZEOF (.data_CCMRAM))
                0x0000000008000420                __data_regions_array_end = .
                0x0000000008000420                __bss_regions_array_start = .
                0x0000000008000420        0x4 LONG 0x200001fc ADDR (.bss)
                0x0000000008000424        0x4 LONG 0x20000514 (ADDR (.bss) + SIZEOF (.bss))
                0x0000000008000428        0x4 LONG 0x10000000 ADDR (.bss_CCMRAM)
                0x000000000800042c        0x4 LONG 0x10000000 (ADDR (.bss_CCMRAM) + SIZEOF (.bss_CCMRAM))
                0x0000000008000430                __bss_regions_array_end = .
 *(.init)
 *(.fini)
                0x0000000008000430                . = ALIGN (0x4)
                0x0000000008000430                PROVIDE (__preinit_array_start, .)
 *(.preinit_array_sysinit .preinit_array_sysinit.*)
 *(.preinit_array_platform .preinit_array_platform.*)
 *(.preinit_array .preinit_array.*)
                0x0000000008000430                PROVIDE (__preinit_array_end, .)
                0x0000000008000430                . = ALIGN (0x4)
                0x0000000008000430                PROVIDE (__init_array_start, .)
 *(SORT(.init_array.*))
 *(.init_array)
 .init_array    0x0000000008000430        0x4 /tmp/cc0FXofc.ltrans1.ltrans.o
 .init_array    0x0000000008000434        0x4 /tmp/cc0FXofc.ltrans2.ltrans.o
 .init_array    0x0000000008000438        0x8 /tmp/cc0FXofc.ltrans4.ltrans.o
                0x0000000008000440                PROVIDE (__init_array_end, .)
                0x0000000008000440                . = ALIGN (0x4)
                0x0000000008000440                PROVIDE (__fini_array_start, .)
 *(SORT(.fini_array.*))
 *(.fini_array)
                0x0000000008000440                PROVIDE (__fini_array_end, .)

.flashtext
 *(.flashtext .flashtext.*)

.text           0x0000000008000440     0x4a73
 *(.text .text.*)
 .text.FLASH_GetStatus
                0x0000000008000440       0x68 /tmp/cc0FXofc.ltrans0.ltrans.o
 .text.FLASH_WaitForLastOperation
                0x00000000080004a8       0x30 /tmp/cc0FXofc.ltrans0.ltrans.o
                0x00000000080004a8                FLASH_WaitForLastOperation
 .text.SystemInit
                0x00000000080004d8       0x68 /tmp/cc0FXofc.ltrans0.ltrans.o
                0x00000000080004d8                SystemInit
 .text.SystemCoreClockUpdate
                0x0000000008000540       0xf0 /tmp/cc0FXofc.ltrans0.ltrans.o
                0x0000000008000540                SystemCoreClockUpdate
 .text._ZN4FifoC2EPhm
                0x0000000008000630       0x40 /tmp/cc0FXofc.ltrans0.ltrans.o
                0x0000000008000630                Fifo::Fifo(unsigned char*, unsigned long)
                0x0000000008000630                Fifo::Fifo(unsigned char*, unsigned long)
 .text._ZN4Fifo3putEh
                0x0000000008000670       0x6c /tmp/cc0FXofc.ltrans0.ltrans.o
                0x0000000008000670                Fifo::put(unsigned char)
 .text._ZN4Fifo3getEv
                0x00000000080006dc       0x54 /tmp/cc0FXofc.ltrans0.ltrans.o
                0x00000000080006dc                Fifo::get()
 .text._ZN4Fifo6isFullEv
                0x0000000008000730       0x50 /tmp/cc0FXofc.ltrans0.ltrans.o
                0x0000000008000730                Fifo::isFull()
 .text.itoaWithPattern
                0x0000000008000780       0xc4 /tmp/cc0FXofc.ltrans0.ltrans.o
                0x0000000008000780                itoaWithPattern
 .text.my_strcpy
                0x0000000008000844       0x4e /tmp/cc0FXofc.ltrans0.ltrans.o
                0x0000000008000844                my_strcpy
 .text._ZN6Pinout5setupEv
                0x0000000008000892       0xe6 /tmp/cc0FXofc.ltrans1.ltrans.o
 .text._ZN4Menu4initEP9SterownikP8KeyboardP7TextLcd
                0x0000000008000978       0x3c /tmp/cc0FXofc.ltrans1.ltrans.o
 .text._ZN3HMI4initEP9SterownikP8KeyboardP7TextLcdP4Menu
                0x00000000080009b4       0x56 /tmp/cc0FXofc.ltrans1.ltrans.o
 *fill*         0x0000000008000a0a        0x2 
 .text._ZN6PinoutC2Ev
                0x0000000008000a0c       0xb8 /tmp/cc0FXofc.ltrans1.ltrans.o
 .text._ZN4MenuC2Ev
                0x0000000008000ac4       0x26 /tmp/cc0FXofc.ltrans1.ltrans.o
 *fill*         0x0000000008000aea        0x2 
 .text._ZL13keyb_callbackv
                0x0000000008000aec       0x10 /tmp/cc0FXofc.ltrans1.ltrans.o
 .text.main     0x0000000008000afc      0x160 /tmp/cc0FXofc.ltrans1.ltrans.o
                0x0000000008000afc                main
 .text._Z41__static_initialization_and_destruction_0ii
                0x0000000008000c5c      0x10c /tmp/cc0FXofc.ltrans1.ltrans.o
 .text._GLOBAL__sub_I_pins
                0x0000000008000d68       0x10 /tmp/cc0FXofc.ltrans1.ltrans.o
 .text._ZN7ST7032I13sendCmdOrDataEbh
                0x0000000008000d78       0x3e /tmp/cc0FXofc.ltrans1.ltrans.o
 .text._ZN7ST7032I11sendCommandEh
                0x0000000008000db6       0x22 /tmp/cc0FXofc.ltrans1.ltrans.o
                0x0000000008000db6                ST7032I::sendCommand(unsigned char)
 .text._ZN7ST7032I4initEv
                0x0000000008000dd8       0xbe /tmp/cc0FXofc.ltrans1.ltrans.o
 .text._ZN7ST7032I5printEPKc
                0x0000000008000e96       0x74 /tmp/cc0FXofc.ltrans1.ltrans.o
                0x0000000008000e96                ST7032I::print(char const*)
 .text._ZN7ST7032I6gotoXYEhh
                0x0000000008000f0a       0x42 /tmp/cc0FXofc.ltrans1.ltrans.o
                0x0000000008000f0a                ST7032I::gotoXY(unsigned char, unsigned char)
 .text._ZN7ST7032I11clearScreenEv
                0x0000000008000f4c       0x1e /tmp/cc0FXofc.ltrans1.ltrans.o
                0x0000000008000f4c                ST7032I::clearScreen()
 .text._ZN7ST7032I6lcd_ONEv
                0x0000000008000f6a       0x1a /tmp/cc0FXofc.ltrans1.ltrans.o
                0x0000000008000f6a                ST7032I::lcd_ON()
 .text.FLASH_EraseSector
                0x0000000008000f84       0xc0 /tmp/cc0FXofc.ltrans1.ltrans.o
                0x0000000008000f84                FLASH_EraseSector
 .text.FLASH_ProgramHalfWord
                0x0000000008001044       0x6c /tmp/cc0FXofc.ltrans1.ltrans.o
                0x0000000008001044                FLASH_ProgramHalfWord
 .text._ZN9Sterownik16gotoSafePositionEv
                0x00000000080010b0       0x3a /tmp/cc0FXofc.ltrans2.ltrans.o
 .text._ZN9Sterownik16setAlarmPodajnikEv
                0x00000000080010ea       0x1e /tmp/cc0FXofc.ltrans2.ltrans.o
 .text._ZN9Sterownik18setAlarmSpadekTempEv
                0x0000000008001108       0x1e /tmp/cc0FXofc.ltrans2.ltrans.o
 *fill*         0x0000000008001126        0x2 
 .text._ZL14praca_callbackv
                0x0000000008001128       0x10 /tmp/cc0FXofc.ltrans2.ltrans.o
 .text._ZN5Praca12pracujManualEv
                0x0000000008001138       0x14 /tmp/cc0FXofc.ltrans2.ltrans.o
                0x0000000008001138                Praca::pracujManual()
 .text._ZN5Praca13pracujAutomatEv
                0x000000000800114c      0x198 /tmp/cc0FXofc.ltrans2.ltrans.o
                0x000000000800114c                Praca::pracujAutomat()
 .text._ZN5Praca7setModeENS_4ModeEm
                0x00000000080012e4      0x158 /tmp/cc0FXofc.ltrans2.ltrans.o
 .text._ZN5Praca10checkPompyEv
                0x000000000800143c       0xb0 /tmp/cc0FXofc.ltrans2.ltrans.o
 .text._ZN5Praca11checkAlarmyEv
                0x00000000080014ec       0x6c /tmp/cc0FXofc.ltrans2.ltrans.o
 .text._Z41__static_initialization_and_destruction_0ii
                0x0000000008001558       0x40 /tmp/cc0FXofc.ltrans2.ltrans.o
 .text._GLOBAL__sub_I_praca
                0x0000000008001598       0x10 /tmp/cc0FXofc.ltrans2.ltrans.o
 .text._ZN9QuickTask4tickEm
                0x00000000080015a8       0x70 /tmp/cc0FXofc.ltrans2.ltrans.o
 .text._ZN9QuickTask13runQuickTasksEv
                0x0000000008001618       0x5c /tmp/cc0FXofc.ltrans2.ltrans.o
                0x0000000008001618                QuickTask::runQuickTasks()
 .text._ZN9QuickTaskC2ENS_6QTTypeEPFvvEm
                0x0000000008001674       0x90 /tmp/cc0FXofc.ltrans2.ltrans.o
                0x0000000008001674                QuickTask::QuickTask(QuickTask::QTType, void (*)(), unsigned long)
                0x0000000008001674                QuickTask::QuickTask(QuickTask::QTType, void (*)(), unsigned long)
 .text.SysTick_Handler
                0x0000000008001704       0x1c /tmp/cc0FXofc.ltrans2.ltrans.o
                0x0000000008001704                SysTick_Handler
 .text._ZN7TextLcd5printEPKc
                0x0000000008001720       0x20 /tmp/cc0FXofc.ltrans2.ltrans.o
                0x0000000008001720                TextLcd::print(char const*)
 .text._ZN7TextLcd23printNumbersWithPatternEPKcm
                0x0000000008001740       0x3c /tmp/cc0FXofc.ltrans2.ltrans.o
                0x0000000008001740                TextLcd::printNumbersWithPattern(char const*, unsigned long)
 .text.EE_Init  0x000000000800177c      0x2ac /tmp/cc0FXofc.ltrans2.ltrans.o
                0x000000000800177c                EE_Init
 .text.EE_ReadVariable
                0x0000000008001a28       0x94 /tmp/cc0FXofc.ltrans2.ltrans.o
                0x0000000008001a28                EE_ReadVariable
 .text.EE_WriteVariable
                0x0000000008001abc       0x44 /tmp/cc0FXofc.ltrans2.ltrans.o
                0x0000000008001abc                EE_WriteVariable
 .text.EE_Format
                0x0000000008001b00       0x50 /tmp/cc0FXofc.ltrans2.ltrans.o
 .text.EE_FindValidPage
                0x0000000008001b50       0x88 /tmp/cc0FXofc.ltrans2.ltrans.o
 .text.EE_VerifyPageFullWriteVariable
                0x0000000008001bd8       0xb0 /tmp/cc0FXofc.ltrans2.ltrans.o
 .text.EE_PageTransfer
                0x0000000008001c88      0x138 /tmp/cc0FXofc.ltrans2.ltrans.o
 .text._ZN4Gpio13getInputValueEv
                0x0000000008001dc0       0x2e /tmp/cc0FXofc.ltrans2.ltrans.o
 .text._ZN6SilnikC2EP4Gpio.lto_priv.3
                0x0000000008001dee       0x1c /tmp/cc0FXofc.ltrans2.ltrans.o
                0x0000000008001dee                Silnik::Silnik(Gpio*)
                0x0000000008001dee                Silnik::Silnik(Gpio*) [clone .lto_priv.3]
 .text._ZN6ButtonC2Et
                0x0000000008001e0a       0x2a /tmp/cc0FXofc.ltrans2.ltrans.o
 .text._ZN6Button5setupEP4GpioNS_10ActiveTypeE
                0x0000000008001e34       0x24 /tmp/cc0FXofc.ltrans2.ltrans.o
 .text._ZN6Button13setActiveTypeENS_10ActiveTypeE
                0x0000000008001e58       0x4e /tmp/cc0FXofc.ltrans2.ltrans.o
 .text._ZN6Button9isPressedEv
                0x0000000008001ea6       0x42 /tmp/cc0FXofc.ltrans2.ltrans.o
 .text._ZN10Impulsator10getTurnNowEv
                0x0000000008001ee8       0x54 /tmp/cc0FXofc.ltrans2.ltrans.o
 .text._ZN10ImpulsatorC2Ev
                0x0000000008001f3c       0x32 /tmp/cc0FXofc.ltrans2.ltrans.o
 .text._ZN10Impulsator9isPressedEv
                0x0000000008001f6e       0x1c /tmp/cc0FXofc.ltrans2.ltrans.o
 .text._ZN10Impulsator5setupEP4GpioS1_P6Button
                0x0000000008001f8a       0x28 /tmp/cc0FXofc.ltrans2.ltrans.o
 .text._ZN10Impulsator7getMoveEv
                0x0000000008001fb2       0x2c /tmp/cc0FXofc.ltrans2.ltrans.o
 *fill*         0x0000000008001fde        0x2 
 .text._ZN10Impulsator6co10msEv
                0x0000000008001fe0       0x70 /tmp/cc0FXofc.ltrans2.ltrans.o
 .text._ZN8Keyboard11addToBufferENS_3KeyE
                0x0000000008002050       0x26 /tmp/cc0FXofc.ltrans2.ltrans.o
 .text._ZN8Keyboard13getPressedKeyEv
                0x0000000008002076       0x7a /tmp/cc0FXofc.ltrans2.ltrans.o
 .text._ZN8Keyboard16getImpulsatorKeyEv
                0x00000000080020f0       0x54 /tmp/cc0FXofc.ltrans2.ltrans.o
 .text._ZN8KeyboardC2EP4GpioS1_S1_S1_S1_S1_S1_.lto_priv.4
                0x0000000008002144       0xa8 /tmp/cc0FXofc.ltrans2.ltrans.o
                0x0000000008002144                Keyboard::Keyboard(Gpio*, Gpio*, Gpio*, Gpio*, Gpio*, Gpio*, Gpio*) [clone .lto_priv.4]
                0x0000000008002144                Keyboard::Keyboard(Gpio*, Gpio*, Gpio*, Gpio*, Gpio*, Gpio*, Gpio*)
 .text._ZN8Keyboard6co10msEv
                0x00000000080021ec       0x48 /tmp/cc0FXofc.ltrans2.ltrans.o
                0x00000000080021ec                Keyboard::co10ms()
 .text._ZN8Keyboard16getUnbufferedKeyEv
                0x0000000008002234       0x2c /tmp/cc0FXofc.ltrans2.ltrans.o
 .text._ZN7ST7032IC2Ev.lto_priv.2
                0x0000000008002260       0x14 /tmp/cc0FXofc.ltrans2.ltrans.o
                0x0000000008002260                ST7032I::ST7032I() [clone .lto_priv.2]
                0x0000000008002260                ST7032I::ST7032I()
 .text._ZN7TextLcdC2EP7ST7032I.lto_priv.1
                0x0000000008002274       0x22 /tmp/cc0FXofc.ltrans2.ltrans.o
                0x0000000008002274                TextLcd::TextLcd(ST7032I*)
                0x0000000008002274                TextLcd::TextLcd(ST7032I*) [clone .lto_priv.1]
 .text._ZN7TextLcd4initEP7ST7032I
                0x0000000008002296       0x18 /tmp/cc0FXofc.ltrans2.ltrans.o
 .text._ZN7TextLcd10clrScrHomeEv
                0x00000000080022ae       0x1c /tmp/cc0FXofc.ltrans2.ltrans.o
                0x00000000080022ae                TextLcd::clrScrHome()
 .text._ZN7TextLcd6lcd_ONEv
                0x00000000080022ca       0x1c /tmp/cc0FXofc.ltrans2.ltrans.o
                0x00000000080022ca                TextLcd::lcd_ON()
 .text._ZN9SterownikC2EP6SilnikS1_S1_S1_.lto_priv.0
                0x00000000080022e6       0x52 /tmp/cc0FXofc.ltrans2.ltrans.o
                0x00000000080022e6                Sterownik::Sterownik(Silnik*, Silnik*, Silnik*, Silnik*)
                0x00000000080022e6                Sterownik::Sterownik(Silnik*, Silnik*, Silnik*, Silnik*) [clone .lto_priv.0]
 .text._ZN9Sterownik8getPracaEv
                0x0000000008002338       0x16 /tmp/cc0FXofc.ltrans2.ltrans.o
                0x0000000008002338                Sterownik::getPraca()
 *fill*         0x000000000800234e        0x2 
 .text._ZN4Menu4pollEv
                0x0000000008002350      0x5bc /tmp/cc0FXofc.ltrans3.ltrans.o
                0x0000000008002350                Menu::poll()
 .text._ZN4Menu12printPatternEPKcm
                0x000000000800290c       0xac /tmp/cc0FXofc.ltrans3.ltrans.o
 .text._ZN4Menu9showEkranEt
                0x00000000080029b8      0x590 /tmp/cc0FXofc.ltrans3.ltrans.o
                0x00000000080029b8                Menu::showEkran(unsigned short)
 .text._ZN4Menu4editEN8Keyboard3KeyE
                0x0000000008002f48      0x1b4 /tmp/cc0FXofc.ltrans3.ltrans.o
 .text._ZN9Parameter15fillFastDataTabEv
                0x00000000080030fc       0x88 /tmp/cc0FXofc.ltrans3.ltrans.o
 .text._Z11FlashUnlockv
                0x0000000008003184       0x38 /tmp/cc0FXofc.ltrans3.ltrans.o
 .text._Z9FlashLockv
                0x00000000080031bc       0x20 /tmp/cc0FXofc.ltrans3.ltrans.o
 .text._ZN9Parameter16initEepromMemoryEv
                0x00000000080031dc       0x2c /tmp/cc0FXofc.ltrans3.ltrans.o
                0x00000000080031dc                Parameter::initEepromMemory()
 .text._ZN9Parameter14setEEpromValueEtt
                0x0000000008003208       0x54 /tmp/cc0FXofc.ltrans3.ltrans.o
                0x0000000008003208                Parameter::setEEpromValue(unsigned short, unsigned short)
 .text._ZN9Parameter14getEEpromValueEt
                0x000000000800325c       0x2c /tmp/cc0FXofc.ltrans3.ltrans.o
                0x000000000800325c                Parameter::getEEpromValue(unsigned short)
 .text._ZN6Pomiar12getPomiarRawENS_7AnalogiE
                0x0000000008003288       0x30 /tmp/cc0FXofc.ltrans3.ltrans.o
                0x0000000008003288                Pomiar::getPomiarRaw(Pomiar::Analogi)
 .text._ZN6Pomiar15getDataTablePtrEv
                0x00000000080032b8       0x14 /tmp/cc0FXofc.ltrans3.ltrans.o
                0x00000000080032b8                Pomiar::getDataTablePtr()
 .text._ZN5PracaC2Ev.lto_priv.6
                0x00000000080032cc       0x32 /tmp/cc0FXofc.ltrans3.ltrans.o
                0x00000000080032cc                Praca::Praca() [clone .lto_priv.6]
                0x00000000080032cc                Praca::Praca()
 .text._ZN5Praca15setDmuchawaTimeEm
                0x00000000080032fe       0x18 /tmp/cc0FXofc.ltrans3.ltrans.o
                0x00000000080032fe                Praca::setDmuchawaTime(unsigned long)
 .text._ZN5Praca15setPodajnikTimeEm
                0x0000000008003316       0x18 /tmp/cc0FXofc.ltrans3.ltrans.o
                0x0000000008003316                Praca::setPodajnikTime(unsigned long)
 .text._ZN5Praca13isModeTimeOutEv
                0x000000000800332e       0x20 /tmp/cc0FXofc.ltrans3.ltrans.o
                0x000000000800332e                Praca::isModeTimeOut()
 .text._ZN5Praca17isPodajnikTimeOutEv
                0x000000000800334e       0x20 /tmp/cc0FXofc.ltrans3.ltrans.o
                0x000000000800334e                Praca::isPodajnikTimeOut()
 .text._ZN5Praca6pracujEv
                0x000000000800336e       0x24 /tmp/cc0FXofc.ltrans3.ltrans.o
                0x000000000800336e                Praca::pracuj()
 .text._ZN4Gpio14getOutputValueEv
                0x0000000008003392       0x2e /tmp/cc0FXofc.ltrans3.ltrans.o
 .text._ZN6Silnik6turnOnEv
                0x00000000080033c0       0x18 /tmp/cc0FXofc.ltrans3.ltrans.o
                0x00000000080033c0                Silnik::turnOn()
 .text._ZN6Silnik7turnOffEv
                0x00000000080033d8       0x18 /tmp/cc0FXofc.ltrans3.ltrans.o
                0x00000000080033d8                Silnik::turnOff()
 .text._ZN6Silnik10isTurnedOnEv
                0x00000000080033f0       0x1c /tmp/cc0FXofc.ltrans3.ltrans.o
                0x00000000080033f0                Silnik::isTurnedOn()
 .text._ZN9Sterownik10getTempCWUEv
                0x000000000800340c       0x18 /tmp/cc0FXofc.ltrans3.ltrans.o
                0x000000000800340c                Sterownik::getTempCWU()
 .text._exit    0x0000000008003424        0xa /tmp/cc0FXofc.ltrans4.ltrans.o
 *fill*         0x000000000800342e        0x2 
 .text.__initialize_args
                0x0000000008003430       0x24 /tmp/cc0FXofc.ltrans4.ltrans.o
 .text.__initialize_hardware_early
                0x0000000008003454       0x18 /tmp/cc0FXofc.ltrans4.ltrans.o
 .text.__initialize_hardware
                0x000000000800346c        0xa /tmp/cc0FXofc.ltrans4.ltrans.o
 .text._ZN7ST7032I7delayMsEm
                0x0000000008003476       0x16 /tmp/cc0FXofc.ltrans4.ltrans.o
                0x0000000008003476                ST7032I::delayMs(unsigned long)
 .text._ZN7ST7032I10cursorLeftEv
                0x000000000800348c       0x22 /tmp/cc0FXofc.ltrans4.ltrans.o
 .text._ZN7ST7032I9cursorSetE6CURSOR
                0x00000000080034ae       0x40 /tmp/cc0FXofc.ltrans4.ltrans.o
 .text._ZN7TextLcd10cursorLeftEv
                0x00000000080034ee       0x1c /tmp/cc0FXofc.ltrans4.ltrans.o
 .text._ZN7TextLcd10cursorLeftEt
                0x000000000800350a       0x3a /tmp/cc0FXofc.ltrans4.ltrans.o
                0x000000000800350a                TextLcd::cursorLeft(unsigned short)
 .text._ZN7TextLcd13setCursorModeE6CURSOR
                0x0000000008003544       0x24 /tmp/cc0FXofc.ltrans4.ltrans.o
                0x0000000008003544                TextLcd::setCursorMode(CURSOR)
 .text._ZN3HMIC2Ev
                0x0000000008003568       0x1a /tmp/cc0FXofc.ltrans4.ltrans.o
 .text._ZN3HMI7monitorEv
                0x0000000008003582       0x1c /tmp/cc0FXofc.ltrans4.ltrans.o
 *fill*         0x000000000800359e        0x2 
 .text._ZL12hmi_callbackv
                0x00000000080035a0       0x10 /tmp/cc0FXofc.ltrans4.ltrans.o
 .text._ZN3HMI11getInstanceEv
                0x00000000080035b0       0x14 /tmp/cc0FXofc.ltrans4.ltrans.o
                0x00000000080035b0                HMI::getInstance()
 .text._Z41__static_initialization_and_destruction_0ii.lto_priv.8
                0x00000000080035c4       0x40 /tmp/cc0FXofc.ltrans4.ltrans.o
 .text._GLOBAL__sub_I_hmi
                0x0000000008003604       0x10 /tmp/cc0FXofc.ltrans4.ltrans.o
 .text.NVIC_SetPriorityGrouping
                0x0000000008003614       0x44 /tmp/cc0FXofc.ltrans4.ltrans.o
 .text.NVIC_EnableIRQ
                0x0000000008003658       0x30 /tmp/cc0FXofc.ltrans4.ltrans.o
 .text.NVIC_SetPriority
                0x0000000008003688       0x58 /tmp/cc0FXofc.ltrans4.ltrans.o
 .text.NVIC_EncodePriority
                0x00000000080036e0       0x60 /tmp/cc0FXofc.ltrans4.ltrans.o
 .text.SysTick_Config
                0x0000000008003740       0x44 /tmp/cc0FXofc.ltrans4.ltrans.o
 .text._ZN4Fifo7isEmptyEv
                0x0000000008003784       0x24 /tmp/cc0FXofc.ltrans4.ltrans.o
 .text._ZN4Fifo10isNotEmptyEv
                0x00000000080037a8       0x1e /tmp/cc0FXofc.ltrans4.ltrans.o
                0x00000000080037a8                Fifo::isNotEmpty()
 .text._ZN4Fifo5flushEv
                0x00000000080037c6       0x1c /tmp/cc0FXofc.ltrans4.ltrans.o
 .text._ZN8Hardware13errorDispatchENS_9ErrorCodeE
                0x00000000080037e2       0x1e /tmp/cc0FXofc.ltrans4.ltrans.o
 .text._ZN4GpioC2EP12GPIO_TypeDeft.lto_priv.5
                0x0000000008003800       0x38 /tmp/cc0FXofc.ltrans4.ltrans.o
                0x0000000008003800                Gpio::Gpio(GPIO_TypeDef*, unsigned short)
                0x0000000008003800                Gpio::Gpio(GPIO_TypeDef*, unsigned short) [clone .lto_priv.5]
 .text._ZN4Gpio8pinSetUpEv
                0x0000000008003838       0x20 /tmp/cc0FXofc.ltrans4.ltrans.o
                0x0000000008003838                Gpio::pinSetUp()
 .text._ZN4Gpio10pinSetDownEv
                0x0000000008003858       0x22 /tmp/cc0FXofc.ltrans4.ltrans.o
                0x0000000008003858                Gpio::pinSetDown()
 .text._ZN4Gpio6pinSetEb
                0x000000000800387a       0x26 /tmp/cc0FXofc.ltrans4.ltrans.o
 .text._ZN4Gpio7setMODEENS_8GpioModeE
                0x00000000080038a0       0x4a /tmp/cc0FXofc.ltrans4.ltrans.o
 .text._ZN4Gpio8setSpeedENS_9GpioSpeedE
                0x00000000080038ea       0x4c /tmp/cc0FXofc.ltrans4.ltrans.o
 .text._ZN4Gpio11setPullUpDnENS_8GpioPuPdE
                0x0000000008003936       0x4a /tmp/cc0FXofc.ltrans4.ltrans.o
 .text._ZN4Gpio8setOTypeENS_9GpioOTypeE
                0x0000000008003980       0x46 /tmp/cc0FXofc.ltrans4.ltrans.o
 .text._ZN4Gpio5setupENS_8GpioModeENS_9GpioOTypeENS_8GpioPuPdENS_9GpioSpeedE
                0x00000000080039c6       0x48 /tmp/cc0FXofc.ltrans4.ltrans.o
                0x00000000080039c6                Gpio::setup(Gpio::GpioMode, Gpio::GpioOType, Gpio::GpioPuPd, Gpio::GpioSpeed)
 .text._ZN4Gpio16setAlternateFuncEh
                0x0000000008003a0e       0xb4 /tmp/cc0FXofc.ltrans4.ltrans.o
 *fill*         0x0000000008003ac2        0x2 
 .text._ZN9QuickTask10getCounterEv
                0x0000000008003ac4       0x14 /tmp/cc0FXofc.ltrans4.ltrans.o
 .text._ZN9QuickTask20getTimeIntervalMilisEm
                0x0000000008003ad8       0x1c /tmp/cc0FXofc.ltrans4.ltrans.o
 .text._ZL13flash_latencym
                0x0000000008003af4       0x48 /tmp/cc0FXofc.ltrans4.ltrans.o
 .text._ZL9pll_startmm
                0x0000000008003b3c      0x158 /tmp/cc0FXofc.ltrans4.ltrans.o
 .text._ZL10fpu_enablev
                0x0000000008003c94        0xa /tmp/cc0FXofc.ltrans4.ltrans.o
 *fill*         0x0000000008003c9e        0x2 
 .text._ZL7rccInitv
                0x0000000008003ca0       0x58 /tmp/cc0FXofc.ltrans4.ltrans.o
 .text._ZN8Hardware4initEv
                0x0000000008003cf8       0x6c /tmp/cc0FXofc.ltrans4.ltrans.o
                0x0000000008003cf8                Hardware::init()
 .text._ZN8Hardware8gpioInitEv
                0x0000000008003d64       0x1c /tmp/cc0FXofc.ltrans4.ltrans.o
 .text._ZN8Hardware7adcInitEv
                0x0000000008003d80      0x104 /tmp/cc0FXofc.ltrans4.ltrans.o
 .text._ZN8Hardware9WDOG_InitEv
                0x0000000008003e84        0xa /tmp/cc0FXofc.ltrans4.ltrans.o
 .text._ZN8Hardware11WDOG_ReloadEv
                0x0000000008003e8e        0xa /tmp/cc0FXofc.ltrans4.ltrans.o
                0x0000000008003e8e                Hardware::WDOG_Reload()
 .text._ZN8Hardware9NVIC_initEv
                0x0000000008003e98        0xc /tmp/cc0FXofc.ltrans4.ltrans.o
 .text._ZN8Hardware7delayMsEm
                0x0000000008003ea4       0x36 /tmp/cc0FXofc.ltrans4.ltrans.o
                0x0000000008003ea4                Hardware::delayMs(unsigned long)
 .text._ZN8Hardware7I2CdefsC2Ev
                0x0000000008003eda       0x1a /tmp/cc0FXofc.ltrans4.ltrans.o
 .text._ZN8Hardware11lcdPinResetEb
                0x0000000008003ef4       0x20 /tmp/cc0FXofc.ltrans4.ltrans.o
                0x0000000008003ef4                Hardware::lcdPinReset(bool)
 .text._ZN8Hardware7i2cInitEv
                0x0000000008003f14      0x19c /tmp/cc0FXofc.ltrans4.ltrans.o
 .text._ZN8Hardware8i2cEventEv
                0x00000000080040b0       0xc4 /tmp/cc0FXofc.ltrans4.ltrans.o
 .text._ZN8Hardware8i2cErrorEv
                0x0000000008004174       0x50 /tmp/cc0FXofc.ltrans4.ltrans.o
 .text._Z14i2cGetBusyFlagv
                0x00000000080041c4       0x28 /tmp/cc0FXofc.ltrans4.ltrans.o
 .text._ZN8Hardware11i2cTimerJobEv
                0x00000000080041ec      0x110 /tmp/cc0FXofc.ltrans4.ltrans.o
 .text._ZN8Hardware17i2cMasterTransmitEtPht
                0x00000000080042fc       0xe0 /tmp/cc0FXofc.ltrans4.ltrans.o
                0x00000000080042fc                Hardware::i2cMasterTransmit(unsigned short, unsigned char*, unsigned short)
 .text.DMA1_Stream0_IRQHandler
                0x00000000080043dc       0x24 /tmp/cc0FXofc.ltrans4.ltrans.o
                0x00000000080043dc                DMA1_Stream0_IRQHandler
 .text.ADC_IRQHandler
                0x0000000008004400       0x24 /tmp/cc0FXofc.ltrans4.ltrans.o
                0x0000000008004400                ADC_IRQHandler
 .text.I2C1_EV_IRQHandler
                0x0000000008004424       0x28 /tmp/cc0FXofc.ltrans4.ltrans.o
                0x0000000008004424                I2C1_EV_IRQHandler
 .text.I2C1_ER_IRQHandler
                0x000000000800444c       0x28 /tmp/cc0FXofc.ltrans4.ltrans.o
                0x000000000800444c                I2C1_ER_IRQHandler
 .text._Z41__static_initialization_and_destruction_0ii.lto_priv.9
                0x0000000008004474       0x80 /tmp/cc0FXofc.ltrans4.ltrans.o
 .text._GLOBAL__sub_I__ZN8Hardware4initEv
                0x00000000080044f4       0x10 /tmp/cc0FXofc.ltrans4.ltrans.o
 .text._ZN8Keyboard13getFromBufferEv
                0x0000000008004504       0x3a /tmp/cc0FXofc.ltrans4.ltrans.o
 .text._ZN8Keyboard6getKeyEv
                0x000000000800453e       0x18 /tmp/cc0FXofc.ltrans4.ltrans.o
                0x000000000800453e                Keyboard::getKey()
 .text._ZN7TextLcd6gotoXYEtt
                0x0000000008004556       0x2c /tmp/cc0FXofc.ltrans4.ltrans.o
                0x0000000008004556                TextLcd::gotoXY(unsigned short, unsigned short)
 .text._ZN7TextLcd7printXYEttPKc
                0x0000000008004582       0x4a /tmp/cc0FXofc.ltrans4.ltrans.o
                0x0000000008004582                TextLcd::printXY(unsigned short, unsigned short, char const*)
 .text._ZN6Pomiar9getPomiarENS_7AnalogiE
                0x00000000080045cc       0x20 /tmp/cc0FXofc.ltrans4.ltrans.o
                0x00000000080045cc                Pomiar::getPomiar(Pomiar::Analogi)
 .text._ZN9Parameter8getValueENS_5NazwaE
                0x00000000080045ec       0x1e /tmp/cc0FXofc.ltrans4.ltrans.o
                0x00000000080045ec                Parameter::getValue(Parameter::Nazwa)
 .text._ZN9Parameter8setValueENS_5NazwaEt
                0x000000000800460a       0x28 /tmp/cc0FXofc.ltrans4.ltrans.o
                0x000000000800460a                Parameter::setValue(Parameter::Nazwa, unsigned short)
 *fill*         0x0000000008004632        0x2 
 .text._ZN9Parameter15getParamPatternENS_5NazwaE
                0x0000000008004634       0x98 /tmp/cc0FXofc.ltrans4.ltrans.o
                0x0000000008004634                Parameter::getParamPattern(Parameter::Nazwa)
 .text._ZN9Parameter15getDefaultValueENS_5NazwaE
                0x00000000080046cc       0xbc /tmp/cc0FXofc.ltrans4.ltrans.o
                0x00000000080046cc                Parameter::getDefaultValue(Parameter::Nazwa)
 .text._ZN9Parameter16setDefaultValuesEv
                0x0000000008004788       0x3a /tmp/cc0FXofc.ltrans4.ltrans.o
                0x0000000008004788                Parameter::setDefaultValues()
 .text._ZN5Praca12setTrybLetniEN9Parameter5SEZONE
                0x00000000080047c2       0x1a /tmp/cc0FXofc.ltrans4.ltrans.o
                0x00000000080047c2                Praca::setTrybLetni(Parameter::SEZON)
 .text._ZN5Praca13setManualModeEb
                0x00000000080047dc       0x24 /tmp/cc0FXofc.ltrans4.ltrans.o
                0x00000000080047dc                Praca::setManualMode(bool)
 .text._ZN5Praca14isInManualModeEv
                0x0000000008004800       0x20 /tmp/cc0FXofc.ltrans4.ltrans.o
                0x0000000008004800                Praca::isInManualMode()
 .text._ZN9Sterownik9getTempCOEv
                0x0000000008004820       0x18 /tmp/cc0FXofc.ltrans4.ltrans.o
                0x0000000008004820                Sterownik::getTempCO()
 .text._ZN4Menu9goToEkranENS_5EKRANE
                0x0000000008004838      0x138 /tmp/cc0FXofc.ltrans4.ltrans.o
                0x0000000008004838                Menu::goToEkran(Menu::EKRAN)
 .text._ZN4Menu8goToEditEN9Parameter5NazwaE
                0x0000000008004970       0x30 /tmp/cc0FXofc.ltrans4.ltrans.o
                0x0000000008004970                Menu::goToEdit(Parameter::Nazwa)
 .text._ZN4Menu9showEkranEv
                0x00000000080049a0       0x2c /tmp/cc0FXofc.ltrans4.ltrans.o
 .text.isdigit  0x00000000080049cc       0x12 /home/opt/Toolchains/gcc-arm-none-eabi-6-2017-q1-update/bin/../lib/gcc/arm-none-eabi/6.3.1/../../../../arm-none-eabi/lib/thumb/v7e-m/libg_nano.a(lib_a-isdigit.o)
                0x00000000080049cc                isdigit
 *fill*         0x00000000080049de        0x2 
 .text.__locale_ctype_ptr
                0x00000000080049e0       0x1c /home/opt/Toolchains/gcc-arm-none-eabi-6-2017-q1-update/bin/../lib/gcc/arm-none-eabi/6.3.1/../../../../arm-none-eabi/lib/thumb/v7e-m/libg_nano.a(lib_a-locale.o)
                0x00000000080049e0                __locale_ctype_ptr
 .text.__ascii_mbtowc
                0x00000000080049fc       0x24 /home/opt/Toolchains/gcc-arm-none-eabi-6-2017-q1-update/bin/../lib/gcc/arm-none-eabi/6.3.1/../../../../arm-none-eabi/lib/thumb/v7e-m/libg_nano.a(lib_a-mbtowc_r.o)
                0x00000000080049fc                __ascii_mbtowc
 .text.__ascii_wctomb
                0x0000000008004a20       0x1a /home/opt/Toolchains/gcc-arm-none-eabi-6-2017-q1-update/bin/../lib/gcc/arm-none-eabi/6.3.1/../../../../arm-none-eabi/lib/thumb/v7e-m/libg_nano.a(lib_a-wctomb_r.o)
                0x0000000008004a20                __ascii_wctomb
 .text.memset   0x0000000008004a3a       0x10 /home/opt/Toolchains/gcc-arm-none-eabi-6-2017-q1-update/bin/../lib/gcc/arm-none-eabi/6.3.1/../../../../arm-none-eabi/lib/thumb/v7e-m/libg_nano.a(lib_a-memset.o)
                0x0000000008004a3a                memset
 *(.rodata .rodata.* .constdata .constdata.*)
 *fill*         0x0000000008004a4a        0x2 
 .rodata.AHBPrescTable
                0x0000000008004a4c       0x10 /tmp/cc0FXofc.ltrans0.ltrans.o
 .rodata.main.str1.4
                0x0000000008004a5c       0x79 /tmp/cc0FXofc.ltrans1.ltrans.o
 *fill*         0x0000000008004ad5        0x3 
 .rodata._ZN4Menu4pollEv.str1.4
                0x0000000008004ad8       0x11 /tmp/cc0FXofc.ltrans3.ltrans.o
 *fill*         0x0000000008004ae9        0x3 
 .rodata._ZN4Menu9showEkranEt.str1.4
                0x0000000008004aec      0x22d /tmp/cc0FXofc.ltrans3.ltrans.o
 *fill*         0x0000000008004d19        0x3 
 .rodata._ZN9Parameter15getParamPatternENS_5NazwaE.str1.4
                0x0000000008004d1c       0x8c /tmp/cc0FXofc.ltrans4.ltrans.o
                                         0x8b (size before relaxing)
 .rodata._setlocale_r.str1.1
                0x0000000008004da8        0x8 /home/opt/Toolchains/gcc-arm-none-eabi-6-2017-q1-update/bin/../lib/gcc/arm-none-eabi/6.3.1/../../../../arm-none-eabi/lib/thumb/v7e-m/libg_nano.a(lib_a-locale.o)
                                          0x9 (size before relaxing)
 .rodata.str1.1
                0x0000000008004db0        0x2 /home/opt/Toolchains/gcc-arm-none-eabi-6-2017-q1-update/bin/../lib/gcc/arm-none-eabi/6.3.1/../../../../arm-none-eabi/lib/thumb/v7e-m/libg_nano.a(lib_a-locale.o)
 .rodata._ctype_
                0x0000000008004db2      0x101 /home/opt/Toolchains/gcc-arm-none-eabi-6-2017-q1-update/bin/../lib/gcc/arm-none-eabi/6.3.1/../../../../arm-none-eabi/lib/thumb/v7e-m/libg_nano.a(lib_a-ctype_.o)
                0x0000000008004db2                _ctype_
 *(vtable)
 *(.eh_frame*)
 *(.glue_7)
 .glue_7        0x0000000008004eb3        0x0 linker stubs
 *(.glue_7t)
 .glue_7t       0x0000000008004eb3        0x0 linker stubs

.vfp11_veneer   0x0000000008004eb4        0x0
 .vfp11_veneer  0x0000000008004eb4        0x0 linker stubs

.v4_bx          0x0000000008004eb4        0x0
 .v4_bx         0x0000000008004eb4        0x0 linker stubs

.iplt           0x0000000008004eb4        0x0
 .iplt          0x0000000008004eb4        0x0 /home/opt/Toolchains/gcc-arm-none-eabi-6-2017-q1-update/bin/../lib/gcc/arm-none-eabi/6.3.1/../../../../arm-none-eabi/lib/thumb/v7e-m/libg_nano.a(lib_a-errno.o)

.rel.dyn        0x0000000008004eb4        0x0
 .rel.iplt      0x0000000008004eb4        0x0 /home/opt/Toolchains/gcc-arm-none-eabi-6-2017-q1-update/bin/../lib/gcc/arm-none-eabi/6.3.1/../../../../arm-none-eabi/lib/thumb/v7e-m/libg_nano.a(lib_a-errno.o)

.ARM.extab
 *(.ARM.extab* .gnu.linkonce.armextab.*)
                0x0000000008004eb4                . = ALIGN (0x4)
                0x0000000008004eb4                __exidx_start = .

.ARM.exidx
 *(.ARM.exidx* .gnu.linkonce.armexidx.*)
                0x0000000008004eb4                __exidx_end = .
                0x0000000008004eb4                . = ALIGN (0x4)
                0x0000000008004eb4                _etext = .
                0x0000000008004eb4                __etext = .

.data_CCMRAM    0x0000000010000000        0x0 load address 0x0000000008004eb4
 FILL mask 0xff
 *(.data.CCMRAM .data.CCMRAM.*)
                0x0000000010000000                . = ALIGN (0x4)
                0x0000000008004eb4                _sidata = LOADADDR (.data)

.data           0x0000000020000000      0x1fc load address 0x0000000008004eb4
 FILL mask 0xff
                0x0000000020000000                _sdata = .
                0x0000000020000000                __data_start__ = .
 *(.data_begin .data_begin.*)
 .data_begin    0x0000000020000000        0x4 /tmp/cc0FXofc.ltrans0.ltrans.o
                0x0000000020000000                __data_begin_guard.lto_priv.16
 *(.data .data.*)
 .data.argv.4263.lto_priv.15
                0x0000000020000004        0x8 /tmp/cc0FXofc.ltrans0.ltrans.o
                0x0000000020000004                argv.4263.lto_priv.15
 .data._ZN8Hardware3i2cE
                0x000000002000000c        0x4 /tmp/cc0FXofc.ltrans0.ltrans.o
                0x000000002000000c                Hardware::i2c
 .data._ZZ23DMA1_Stream0_IRQHandlerE6dmairq.lto_priv.13
                0x0000000020000010        0x4 /tmp/cc0FXofc.ltrans0.ltrans.o
                0x0000000020000010                _ZZ23DMA1_Stream0_IRQHandlerE6dmairq.lto_priv.13
 .data._ZZ14ADC_IRQHandlerE6adcirq.lto_priv.12
                0x0000000020000014        0x4 /tmp/cc0FXofc.ltrans0.ltrans.o
                0x0000000020000014                _ZZ14ADC_IRQHandlerE6adcirq.lto_priv.12
 .data._ZZ18I2C1_EV_IRQHandlerE5i2cev.lto_priv.11
                0x0000000020000018        0x4 /tmp/cc0FXofc.ltrans0.ltrans.o
                0x0000000020000018                _ZZ18I2C1_EV_IRQHandlerE5i2cev.lto_priv.11
 .data._ZZ18I2C1_ER_IRQHandlerE5i2cer.lto_priv.10
                0x000000002000001c        0x4 /tmp/cc0FXofc.ltrans0.ltrans.o
                0x000000002000001c                _ZZ18I2C1_ER_IRQHandlerE5i2cer.lto_priv.10
 .data.sterCO   0x0000000020000020        0x4 /tmp/cc0FXofc.ltrans0.ltrans.o
                0x0000000020000020                sterCO
 .data.SystemCoreClock
                0x0000000020000024        0x4 /tmp/cc0FXofc.ltrans0.ltrans.o
                0x0000000020000024                SystemCoreClock
 .data._impure_ptr
                0x0000000020000028        0x4 /home/opt/Toolchains/gcc-arm-none-eabi-6-2017-q1-update/bin/../lib/gcc/arm-none-eabi/6.3.1/../../../../arm-none-eabi/lib/thumb/v7e-m/libg_nano.a(lib_a-impure.o)
                0x0000000020000028                _impure_ptr
 .data.impure_data
                0x000000002000002c       0x60 /home/opt/Toolchains/gcc-arm-none-eabi-6-2017-q1-update/bin/../lib/gcc/arm-none-eabi/6.3.1/../../../../arm-none-eabi/lib/thumb/v7e-m/libg_nano.a(lib_a-impure.o)
 .data.__global_locale
                0x000000002000008c      0x16c /home/opt/Toolchains/gcc-arm-none-eabi-6-2017-q1-update/bin/../lib/gcc/arm-none-eabi/6.3.1/../../../../arm-none-eabi/lib/thumb/v7e-m/libg_nano.a(lib_a-locale.o)
                0x000000002000008c                __global_locale
 *(.data_end .data_end.*)
 .data_end      0x00000000200001f8        0x4 /tmp/cc0FXofc.ltrans0.ltrans.o
                0x00000000200001f8                __data_end_guard.lto_priv.17
                0x00000000200001fc                . = ALIGN (0x4)
                0x00000000200001fc                _edata = .
                0x00000000200001fc                __data_end__ = .

.igot.plt       0x00000000200001fc        0x0 load address 0x00000000080050b0
 .igot.plt      0x00000000200001fc        0x0 /home/opt/Toolchains/gcc-arm-none-eabi-6-2017-q1-update/bin/../lib/gcc/arm-none-eabi/6.3.1/../../../../arm-none-eabi/lib/thumb/v7e-m/libg_nano.a(lib_a-errno.o)

.bss_CCMRAM     0x0000000010000000        0x0
 *(.bss.CCMRAM .bss.CCMRAM.*)

.bss            0x00000000200001fc      0x318
                0x00000000200001fc                __bss_start__ = .
                0x00000000200001fc                _sbss = .
 *(.bss_begin .bss_begin.*)
 .bss_begin     0x00000000200001fc        0x4 /tmp/cc0FXofc.ltrans0.ltrans.o
                0x00000000200001fc                __bss_begin_guard.lto_priv.18
 *(.bss .bss.*)
 .bss.name.4262
                0x0000000020000200        0x1 /tmp/cc0FXofc.ltrans0.ltrans.o
 *fill*         0x0000000020000201        0x3 
 .bss.hmi       0x0000000020000204       0x18 /tmp/cc0FXofc.ltrans0.ltrans.o
                0x0000000020000204                hmi
 .bss.hmiQtsk   0x000000002000021c       0x14 /tmp/cc0FXofc.ltrans0.ltrans.o
                0x000000002000021c                hmiQtsk
 .bss.i2cFrameBuffer
                0x0000000020000230       0x1e /tmp/cc0FXofc.ltrans0.ltrans.o
                0x0000000020000230                i2cFrameBuffer
 *fill*         0x000000002000024e        0x2 
 .bss.i2cFrame  0x0000000020000250       0x18 /tmp/cc0FXofc.ltrans0.ltrans.o
                0x0000000020000250                i2cFrame
 .bss.i2cDataBuffer
                0x0000000020000268       0x64 /tmp/cc0FXofc.ltrans0.ltrans.o
                0x0000000020000268                i2cDataBuffer
 .bss.i2cData   0x00000000200002cc       0x18 /tmp/cc0FXofc.ltrans0.ltrans.o
                0x00000000200002cc                i2cData
 .bss.I2CdefsStr
                0x00000000200002e4       0x18 /tmp/cc0FXofc.ltrans0.ltrans.o
                0x00000000200002e4                I2CdefsStr
 .bss.gpioSCL   0x00000000200002fc        0xc /tmp/cc0FXofc.ltrans0.ltrans.o
                0x00000000200002fc                gpioSCL
 .bss.gpioSDA   0x0000000020000308        0xc /tmp/cc0FXofc.ltrans0.ltrans.o
                0x0000000020000308                gpioSDA
 .bss.gpioLcdReset
                0x0000000020000314        0xc /tmp/cc0FXofc.ltrans0.ltrans.o
                0x0000000020000314                gpioLcdReset
 .bss._ZZN8Hardware8i2cErrorEvE3err.lto_priv.14
                0x0000000020000320        0x4 /tmp/cc0FXofc.ltrans0.ltrans.o
                0x0000000020000320                _ZZN8Hardware8i2cErrorEvE3err.lto_priv.14
 .bss._ZZN4Menu4pollEvE10enterToMem.lto_priv.7
                0x0000000020000324        0x1 /tmp/cc0FXofc.ltrans0.ltrans.o
                0x0000000020000324                _ZZN4Menu4pollEvE10enterToMem.lto_priv.7
 *fill*         0x0000000020000325        0x3 
 .bss.VirtAddVarTab
                0x0000000020000328       0x3c /tmp/cc0FXofc.ltrans0.ltrans.o
                0x0000000020000328                VirtAddVarTab
 .bss.fastCopyofData
                0x0000000020000364       0x28 /tmp/cc0FXofc.ltrans0.ltrans.o
                0x0000000020000364                fastCopyofData
 .bss.dataTable
                0x000000002000038c        0xc /tmp/cc0FXofc.ltrans0.ltrans.o
                0x000000002000038c                dataTable
 .bss.praca     0x0000000020000398       0x14 /tmp/cc0FXofc.ltrans0.ltrans.o
                0x0000000020000398                praca
 .bss.pracaQtsk
                0x00000000200003ac       0x14 /tmp/cc0FXofc.ltrans0.ltrans.o
                0x00000000200003ac                pracaQtsk
 .bss.taskbase  0x00000000200003c0        0x4 /tmp/cc0FXofc.ltrans0.ltrans.o
                0x00000000200003c0                taskbase
 .bss._ZN9QuickTask12milisCounterE
                0x00000000200003c4        0x4 /tmp/cc0FXofc.ltrans0.ltrans.o
                0x00000000200003c4                QuickTask::milisCounter
 .bss.DataVar   0x00000000200003c8        0x2 /tmp/cc0FXofc.ltrans0.ltrans.o
                0x00000000200003c8                DataVar
 .bss._ZZN10Impulsator10getTurnNowEvE6lState
                0x00000000200003ca        0x1 /tmp/cc0FXofc.ltrans0.ltrans.o
                0x00000000200003ca                Impulsator::getTurnNow()::lState
 .bss._ZZN10Impulsator6co10msEvE8lastPush
                0x00000000200003cb        0x1 /tmp/cc0FXofc.ltrans0.ltrans.o
                0x00000000200003cb                Impulsator::co10ms()::lastPush
 .bss._ZZN8Keyboard6co10msEvE6oldKey
                0x00000000200003cc        0x1 /tmp/cc0FXofc.ltrans0.ltrans.o
                0x00000000200003cc                Keyboard::co10ms()::oldKey
 *fill*         0x00000000200003cd        0x3 
 .bss.pins      0x00000000200003d0       0x84 /tmp/cc0FXofc.ltrans0.ltrans.o
                0x00000000200003d0                pins
 .bss.keys      0x0000000020000454       0x50 /tmp/cc0FXofc.ltrans0.ltrans.o
                0x0000000020000454                keys
 .bss.pompaCo   0x00000000200004a4        0x4 /tmp/cc0FXofc.ltrans0.ltrans.o
                0x00000000200004a4                pompaCo
 .bss.pompaCWU  0x00000000200004a8        0x4 /tmp/cc0FXofc.ltrans0.ltrans.o
                0x00000000200004a8                pompaCWU
 .bss.dmuchawa  0x00000000200004ac        0x4 /tmp/cc0FXofc.ltrans0.ltrans.o
                0x00000000200004ac                dmuchawa
 .bss.podajnik  0x00000000200004b0        0x4 /tmp/cc0FXofc.ltrans0.ltrans.o
                0x00000000200004b0                podajnik
 .bss.st7032iDriver
                0x00000000200004b4        0x1 /tmp/cc0FXofc.ltrans0.ltrans.o
                0x00000000200004b4                st7032iDriver
 *fill*         0x00000000200004b5        0x3 
 .bss.lcd       0x00000000200004b8        0x4 /tmp/cc0FXofc.ltrans0.ltrans.o
                0x00000000200004b8                lcd
 .bss.sterownikCO
                0x00000000200004bc       0x28 /tmp/cc0FXofc.ltrans0.ltrans.o
                0x00000000200004bc                sterownikCO
 .bss.menu      0x00000000200004e4       0x18 /tmp/cc0FXofc.ltrans0.ltrans.o
                0x00000000200004e4                menu
 .bss.keybQtsk  0x00000000200004fc       0x14 /tmp/cc0FXofc.ltrans0.ltrans.o
                0x00000000200004fc                keybQtsk
 *(COMMON)
 *(.bss_end .bss_end.*)
 .bss_end       0x0000000020000510        0x4 /tmp/cc0FXofc.ltrans0.ltrans.o
                0x0000000020000510                __bss_end_guard.lto_priv.19
                0x0000000020000514                . = ALIGN (0x4)
                0x0000000020000514                __bss_end__ = .
                0x0000000020000514                _ebss = .

.noinit_CCMRAM
 *(.noinit.CCMRAM .noinit.CCMRAM.*)

.noinit         0x0000000020000514        0x0
                0x0000000020000514                _noinit = .
 *(.noinit .noinit.*)
                0x0000000020000514                . = ALIGN (0x4)
                0x0000000020000514                _end_noinit = .
                [!provide]                        PROVIDE (end, _end_noinit)
                [!provide]                        PROVIDE (_end, _end_noinit)
                [!provide]                        PROVIDE (__end, _end_noinit)
                [!provide]                        PROVIDE (__end__, _end_noinit)

._check_stack   0x0000000020000514      0x100
                0x0000000020000614                . = (. + _Minimum_Stack_Size)
 *fill*         0x0000000020000514      0x100 

.b1text
 *(.b1text)
 *(.b1rodata)
 *(.b1rodata.*)

.eb0text
 *(.eb0text)
 *(.eb0rodata)
 *(.eb0rodata.*)

.eb1text
 *(.eb1text)
 *(.eb1rodata)
 *(.eb1rodata.*)

.eb2text
 *(.eb2text)
 *(.eb2rodata)
 *(.eb2rodata.*)

.eb3text
 *(.eb3text)
 *(.eb3rodata)
 *(.eb3rodata.*)

.stab
 *(.stab)

.stabstr
 *(.stabstr)

.stab.excl
 *(.stab.excl)

.stab.exclstr
 *(.stab.exclstr)

.stab.index
 *(.stab.index)

.stab.indexstr
 *(.stab.indexstr)

.comment        0x0000000000000000       0x7f
 *(.comment)
 .comment       0x0000000000000000       0x7f /tmp/cc0FXofc.ltrans0.ltrans.o
                                         0x80 (size before relaxing)
 .comment       0x000000000000007f       0x80 /tmp/cc0FXofc.ltrans1.ltrans.o
 .comment       0x000000000000007f       0x80 /tmp/cc0FXofc.ltrans2.ltrans.o
 .comment       0x000000000000007f       0x80 /tmp/cc0FXofc.ltrans3.ltrans.o
 .comment       0x000000000000007f       0x80 /tmp/cc0FXofc.ltrans4.ltrans.o

.ARM.attributes
                0x0000000000000000       0x31
 .ARM.attributes
                0x0000000000000000       0x31 /tmp/cc0FXofc.ltrans0.ltrans.o
 .ARM.attributes
                0x0000000000000031       0x31 /tmp/cc0FXofc.ltrans1.ltrans.o
 .ARM.attributes
                0x0000000000000062       0x31 /tmp/cc0FXofc.ltrans2.ltrans.o
 .ARM.attributes
                0x0000000000000093       0x31 /tmp/cc0FXofc.ltrans3.ltrans.o
 .ARM.attributes
                0x00000000000000c4       0x31 /tmp/cc0FXofc.ltrans4.ltrans.o
 .ARM.attributes
                0x00000000000000f5       0x2e /home/opt/Toolchains/gcc-arm-none-eabi-6-2017-q1-update/bin/../lib/gcc/arm-none-eabi/6.3.1/../../../../arm-none-eabi/lib/thumb/v7e-m/libg_nano.a(lib_a-impure.o)
 .ARM.attributes
                0x0000000000000123       0x2e /home/opt/Toolchains/gcc-arm-none-eabi-6-2017-q1-update/bin/../lib/gcc/arm-none-eabi/6.3.1/../../../../arm-none-eabi/lib/thumb/v7e-m/libg_nano.a(lib_a-isdigit.o)
 .ARM.attributes
                0x0000000000000151       0x2e /home/opt/Toolchains/gcc-arm-none-eabi-6-2017-q1-update/bin/../lib/gcc/arm-none-eabi/6.3.1/../../../../arm-none-eabi/lib/thumb/v7e-m/libg_nano.a(lib_a-locale.o)
 .ARM.attributes
                0x000000000000017f       0x2e /home/opt/Toolchains/gcc-arm-none-eabi-6-2017-q1-update/bin/../lib/gcc/arm-none-eabi/6.3.1/../../../../arm-none-eabi/lib/thumb/v7e-m/libg_nano.a(lib_a-mbtowc_r.o)
 .ARM.attributes
                0x00000000000001ad       0x2e /home/opt/Toolchains/gcc-arm-none-eabi-6-2017-q1-update/bin/../lib/gcc/arm-none-eabi/6.3.1/../../../../arm-none-eabi/lib/thumb/v7e-m/libg_nano.a(lib_a-wctomb_r.o)
 .ARM.attributes
                0x00000000000001db       0x2e /home/opt/Toolchains/gcc-arm-none-eabi-6-2017-q1-update/bin/../lib/gcc/arm-none-eabi/6.3.1/../../../../arm-none-eabi/lib/thumb/v7e-m/libg_nano.a(lib_a-ctype_.o)
 .ARM.attributes
                0x0000000000000209       0x2e /home/opt/Toolchains/gcc-arm-none-eabi-6-2017-q1-update/bin/../lib/gcc/arm-none-eabi/6.3.1/../../../../arm-none-eabi/lib/thumb/v7e-m/libg_nano.a(lib_a-memset.o)

.debug
 *(.debug)

.line
 *(.line)

.debug_srcinfo
 *(.debug_srcinfo)

.debug_sfnames
 *(.debug_sfnames)

.debug_aranges  0x0000000000000000      0x880
 *(.debug_aranges)
 .debug_aranges
                0x0000000000000000      0x168 /tmp/cc0FXofc.ltrans0.ltrans.o
 .debug_aranges
                0x0000000000000168      0x128 /tmp/cc0FXofc.ltrans1.ltrans.o
 .debug_aranges
                0x0000000000000290      0x1b0 /tmp/cc0FXofc.ltrans2.ltrans.o
 .debug_aranges
                0x0000000000000440       0xd0 /tmp/cc0FXofc.ltrans3.ltrans.o
 .debug_aranges
                0x0000000000000510      0x370 /tmp/cc0FXofc.ltrans4.ltrans.o

.debug_pubnames
 *(.debug_pubnames)

.debug_info     0x0000000000000000     0x8a71
 *(.debug_info .gnu.linkonce.wi.*)
 .debug_info    0x0000000000000000     0x24ce /tmp/cc0FXofc.ltrans0.ltrans.o
 .debug_info    0x00000000000024ce     0x11b1 /tmp/cc0FXofc.ltrans1.ltrans.o
 .debug_info    0x000000000000367f     0x1abf /tmp/cc0FXofc.ltrans2.ltrans.o
 .debug_info    0x000000000000513e     0x103d /tmp/cc0FXofc.ltrans3.ltrans.o
 .debug_info    0x000000000000617b     0x28f6 /tmp/cc0FXofc.ltrans4.ltrans.o

.debug_abbrev   0x0000000000000000     0x1668
 *(.debug_abbrev)
 .debug_abbrev  0x0000000000000000      0x4e2 /tmp/cc0FXofc.ltrans0.ltrans.o
 .debug_abbrev  0x00000000000004e2      0x364 /tmp/cc0FXofc.ltrans1.ltrans.o
 .debug_abbrev  0x0000000000000846      0x3bc /tmp/cc0FXofc.ltrans2.ltrans.o
 .debug_abbrev  0x0000000000000c02      0x33e /tmp/cc0FXofc.ltrans3.ltrans.o
 .debug_abbrev  0x0000000000000f40      0x728 /tmp/cc0FXofc.ltrans4.ltrans.o

.debug_line     0x0000000000000000     0x274f
 *(.debug_line)
 .debug_line    0x0000000000000000      0x812 /tmp/cc0FXofc.ltrans0.ltrans.o
 .debug_line    0x0000000000000812      0x57e /tmp/cc0FXofc.ltrans1.ltrans.o
 .debug_line    0x0000000000000d90      0x77a /tmp/cc0FXofc.ltrans2.ltrans.o
 .debug_line    0x000000000000150a      0x492 /tmp/cc0FXofc.ltrans3.ltrans.o
 .debug_line    0x000000000000199c      0xdb3 /tmp/cc0FXofc.ltrans4.ltrans.o

.debug_frame    0x0000000000000000     0x2570
 *(.debug_frame)
 .debug_frame   0x0000000000000000      0x620 /tmp/cc0FXofc.ltrans0.ltrans.o
 .debug_frame   0x0000000000000620      0x4c0 /tmp/cc0FXofc.ltrans1.ltrans.o
 .debug_frame   0x0000000000000ae0      0x770 /tmp/cc0FXofc.ltrans2.ltrans.o
 .debug_frame   0x0000000000001250      0x368 /tmp/cc0FXofc.ltrans3.ltrans.o
 .debug_frame   0x00000000000015b8      0xe84 /tmp/cc0FXofc.ltrans4.ltrans.o
 .debug_frame   0x000000000000243c       0x28 /home/opt/Toolchains/gcc-arm-none-eabi-6-2017-q1-update/bin/../lib/gcc/arm-none-eabi/6.3.1/../../../../arm-none-eabi/lib/thumb/v7e-m/libg_nano.a(lib_a-isdigit.o)
 .debug_frame   0x0000000000002464       0x68 /home/opt/Toolchains/gcc-arm-none-eabi-6-2017-q1-update/bin/../lib/gcc/arm-none-eabi/6.3.1/../../../../arm-none-eabi/lib/thumb/v7e-m/libg_nano.a(lib_a-locale.o)
 .debug_frame   0x00000000000024cc       0x48 /home/opt/Toolchains/gcc-arm-none-eabi-6-2017-q1-update/bin/../lib/gcc/arm-none-eabi/6.3.1/../../../../arm-none-eabi/lib/thumb/v7e-m/libg_nano.a(lib_a-mbtowc_r.o)
 .debug_frame   0x0000000000002514       0x3c /home/opt/Toolchains/gcc-arm-none-eabi-6-2017-q1-update/bin/../lib/gcc/arm-none-eabi/6.3.1/../../../../arm-none-eabi/lib/thumb/v7e-m/libg_nano.a(lib_a-wctomb_r.o)
 .debug_frame   0x0000000000002550       0x20 /home/opt/Toolchains/gcc-arm-none-eabi-6-2017-q1-update/bin/../lib/gcc/arm-none-eabi/6.3.1/../../../../arm-none-eabi/lib/thumb/v7e-m/libg_nano.a(lib_a-memset.o)

.debug_str      0x0000000000000000     0x2d77
 *(.debug_str)
 .debug_str     0x0000000000000000     0x1330 /tmp/cc0FXofc.ltrans0.ltrans.o
                                       0x148b (size before relaxing)
 .debug_str     0x0000000000001330      0x307 /tmp/cc0FXofc.ltrans1.ltrans.o
                                        0xd07 (size before relaxing)
 .debug_str     0x0000000000001637      0x529 /tmp/cc0FXofc.ltrans2.ltrans.o
                                        0xd08 (size before relaxing)
 .debug_str     0x0000000000001b60      0x32c /tmp/cc0FXofc.ltrans3.ltrans.o
                                        0xc2a (size before relaxing)
 .debug_str     0x0000000000001e8c      0xeeb /tmp/cc0FXofc.ltrans4.ltrans.o
                                       0x1c57 (size before relaxing)

.debug_loc
 *(.debug_loc)

.debug_macinfo
 *(.debug_macinfo)

.debug_weaknames
 *(.debug_weaknames)

.debug_funcnames
 *(.debug_funcnames)

.debug_typenames
 *(.debug_typenames)

.debug_varnames
 *(.debug_varnames)
OUTPUT(sterCOv2.elf elf32-littlearm)

.debug_ranges   0x0000000000000000      0x848
 .debug_ranges  0x0000000000000000      0x158 /tmp/cc0FXofc.ltrans0.ltrans.o
 .debug_ranges  0x0000000000000158      0x118 /tmp/cc0FXofc.ltrans1.ltrans.o
 .debug_ranges  0x0000000000000270      0x1b8 /tmp/cc0FXofc.ltrans2.ltrans.o
 .debug_ranges  0x0000000000000428       0xc0 /tmp/cc0FXofc.ltrans3.ltrans.o
 .debug_ranges  0x00000000000004e8      0x360 /tmp/cc0FXofc.ltrans4.ltrans.o
